<html>
<body>
<pre>
<h1>µVision Build Log</h1>
<h2>Tool Versions:</h2>
IDE-Version: ¦ÌVision V5.29.0.0
Copyright (C) 2019 ARM Ltd and ARM Germany GmbH. All rights reserved.
License Information: goushi cai, goushicai, LIC=65ISZ-JXDIX-GKBBG-VBDC3-NG093-817M1
 
Tool Versions:
Toolchain:       MDK-ARM Plus  Version: 5.29.0.0
Toolchain Path:  C:\Keil_v5\ARM\ARMCLANG\Bin
C Compiler:      ArmClang.exe V6.13.1
Assembler:       Armasm.exe V6.13.1
Linker/Locator:  ArmLink.exe V6.13.1
Library Manager: ArmAr.exe V6.13.1
Hex Converter:   FromElf.exe V6.13.1
CPU DLL:         
Dialog DLL:      
Target DLL:      CMSIS_AGDI_V8M.DLL V1.6.0.0
Dialog DLL:      TCM.DLL V1.36.5.0
 
<h2>Project:</h2>
D:\github\open-driver\lcd-driver\example\ACM32F403CET7_ST7735S_SPI\proj\acm32f403_7735s.uvprojx
Project File Date:  01/18/2024

<h2>Output:</h2>
*** Using Compiler 'V6.13.1', folder: 'C:\Keil_v5\ARM\ARMCLANG\Bin'
Build target 'acm32f403'
compiling uart.c...
compiling gpio.c...
compiling spi.c...
compiling led.c...
compiling st7735s.c...
compiling main.c...
compiling display.c...
linking...
Program Size: Code=10872 RO-data=54044 RW-data=8 ZI-data=3232  
FromELF: creating hex file...
".\Objects\acm32f403_7735s.axf" - 0 Error(s), 0 Warning(s).

<h2>Software Packages used:</h2>

Package Vendor: Aisinochip
                
                Aisinochip.ACM32F4.1.0.2
                Aisinochip ACM32F4 ARMv8-M Device Family Pack

<h2>Collection of Component include folders:</h2>
  .\RTE\_acm32f403

<h2>Collection of Component Files used:</h2>
Build Time Elapsed:  00:00:01
</pre>
</body>
</html>
